Microchip MPLAB XC8 Compiler V1.45 ()

Linker command line:

--edf=C:\Program Files (x86)\Microchip\xc8\v1.45\dat\en_msgs.txt -cs \
  -h+dist/pic18/production\SY_34_projet.production.sym \
  --cmf=dist/pic18/production\SY_34_projet.production.cmf -z -Q18F46J50 \
  -oC:\Users\tpeea\AppData\Local\Temp\s5k0.2 \
  -Mdist/pic18/production/SY_34_projet.production.map -E1 -ver=XC8 \
  -ASTACK=038Ch-0ebfh -pstack=STACK -ACODE=00h-0FFF7h -ACONST=00h-0FFF7h \
  -ASMALLCONST=0F00h-0FFFhx240,0FF00h-0FFF7h -AMEDIUMCONST=0F00h-0FFF7h \
  -ACOMRAM=01h-05Fh -AABS1=00h-0EBFh -ABIGRAM=01h-0EBFh \
  -ARAM=060h-0FFh,0100h-01FFhx13,0E00h-0EBFh -ABANK0=060h-0FFh \
  -ABANK1=0100h-01FFh -ABANK2=0200h-02FFh -ABANK3=0300h-03FFh \
  -ABANK4=0400h-04FFh -ABANK5=0500h-05FFh -ABANK6=0600h-06FFh \
  -ABANK7=0700h-07FFh -ABANK8=0800h-08FFh -ABANK9=0900h-09FFh \
  -ABANK10=0A00h-0AFFh -ABANK11=0B00h-0BFFh -ABANK12=0C00h-0CFFh \
  -ABANK13=0D00h-0DFFh -ABANK14=0E00h-0EBFh \
  -ASFR=0EC0h-0EFFh,0F00h-0F5Fh,0F60h-0FFFh \
  -preset_vec=00h,intcode=08h,intcodelo,powerup,init -pramtop=0F00h \
  -psmallconst=SMALLCONST -pmediumconst=MEDIUMCONST -pconst=CONST \
  -AFARRAM=00h-00h -ACONFIG=0FFF8h-0FFFFh -pconfig=CONFIG \
  -pjflash_buffer=0F800h \
  -prdata=COMRAM,nvrram=COMRAM,nvbit=COMRAM,rbss=COMRAM,rbit=COMRAM \
  -pfarbss=FARRAM,fardata=FARRAM,nvFARRAM=FARRAM \
  -pintsave_regs=BIGRAM,bigbss=BIGRAM,bigdata=BIGRAM -pbss=RAM \
  -pidata=CODE,irdata=CODE,ibigdata=CODE,ifardata=CODE -prparam=COMRAM \
  C:\Users\tpeea\AppData\Local\Temp\s5k0.obj \
  dist/pic18/production\SY_34_projet.production.obj 

Object code version is 3.11

Machine type is 18F46J50

Call graph: (short form)




                Name                               Link     Load   Length Selector   Space Scale
C:\Users\tpeea\AppData\Local\Temp\s5k0.obj
                init                                212      212        4        4       0
                reset_vec                             0        0        4        0       0
                config                             FFF8     FFF8        8     FFF8       0
dist/pic18/production\SY_34_projet.production.obj
                intcode                               8        8      20A        4       0
                temp                                 5D       5D        1        1       1
                mediumconst                        FEC6     FEC6      132     7F63       0
                text61                             4034     4034       56        4       0
                text60                             38DC     38DC       8C        4       0
                text59                             351E     351E       B4        4       0
                text58                             4392     4392       18        4       0
                text57                             4360     4360       1A        4       0
                text56                             440A     440A        A     21E9       0
                text55                             408A     408A       52        4       0
                text54                             4298     4298       2A        4       0
                text53                             42C2     42C2       28        4       0
                text51                             43F2     43F2        E     21E9       0
                text50                             3D0A     3D0A       78        4       0
                text49                             43E2     43E2       10     21E9       0
                text48                             3B86     3B86       86        4       0
                text47                             3DF8     3DF8       72        4       0
                text46                             3B00     3B00       86        4       0
                text45                             426E     426E       2A        4       0
                text44                             4344     4344       1C        4       0
                text43                             4414     4414        8     21E9       0
                text42                             35D2     35D2       B0        4       0
                text41                             3C0C     3C0C       82        4       0
                text40                             416C     416C       3C        4       0
                text39                             3382     3382       DE        4       0
                text38                             3F82     3F82       5A        4       0
                text37                             4240     4240       2E        4       0
                text36                             37B6     37B6       94        4       0
                text35                             1502     1502      682        4       0
                text34                             4328     4328       1C        4       0
                text33                             3F28     3F28       5A        4       0
                text32                             4210     4210       30        4       0
                text31                             40DC     40DC       4C        4       0
                text30                             4400     4400        A     21E9       0
                text29                             3ECE     3ECE       5A        4       0
                text28                             41DE     41DE       32        4       0
                text27                             2B02     2B02      25A        4       0
                text26                             3E6A     3E6A       64        4       0
                text25                             23B4     23B4      3CA        4       0
                text24                             3720     3720       96        4       0
                text23                             3460     3460       BE        4       0
                text22                             1B84     1B84      456        4       0
                text21                             3A78     3A78       88        4       0
                text20                              216      216     12EC        4       0
                text19                             43D2     43D2       10     21E9       0
                text18                             42EA     42EA       22        4       0
                text17                             2FAE     2FAE      1B6        4       0
                text16                             1FDA     1FDA      3DA        4       0
                text15                             2D5C     2D5C      252        4       0
                text14                             277E     277E      384        4       0
                text13                             43AA     43AA       16        4       0
                text12                             4128     4128       44        4       0
                text11                             3164     3164      12A        4       0
                text10                             3D82     3D82       76        4       0
                text9                              3FDC     3FDC       58        4       0
                text8                              384A     384A       92        4       0
                text7                              430C     430C       1C        4       0
                text6                              3C8E     3C8E       7C        4       0
                text5                              39F0     39F0       88        4       0
                text4                              437A     437A       18        4       0
                text3                              328E     328E       F4        4       0
                text2                              441E     441E        2     21E9       0
                text1                              41A8     41A8       36        4       0
                text0                              3682     3682       9E        4       0
                cstackCOMRAM                          1        1       2E        1       1
                cstackBANK0                          60       60       9F       60       1
                cstackBANK1                         1DD      1DD       1F      100       1
                bssBANK3                            300      300       8C      300       1
                dataBANK2                           2E9      2E9       11      200       1
                bssBANK2                            200      200       E9      200       1
                dataBANK1                           1FC      1FC        1      100       1
                bssBANK1                            100      100       DD      100       1
                dataCOMRAM                           5B       5B        2        1       1
                bssCOMRAM                            2F       2F       2C        1       1
                cinit                              3968     3968       88        4       0
                idataBANK2                         43C0     43C0       11        4       0
                idataBANK1                         4420     4420        1     21E9       0
                idataCOMRAM                        441C     441C        2     21E9       0

TOTAL           Name                               Link     Load   Length     Space
        CLASS   STACK          

        CLASS   CODE           
                intcode                               8        8      20A         0
                init                                212      212        4         0
                reset_vec                             0        0        4         0
                text61                             4034     4034       56         0
                text60                             38DC     38DC       8C         0
                text59                             351E     351E       B4         0
                text58                             4392     4392       18         0
                text57                             4360     4360       1A         0
                text56                             440A     440A        A         0
                text55                             408A     408A       52         0
                text54                             4298     4298       2A         0
                text53                             42C2     42C2       28         0
                text51                             43F2     43F2        E         0
                text50                             3D0A     3D0A       78         0
                text49                             43E2     43E2       10         0
                text48                             3B86     3B86       86         0
                text47                             3DF8     3DF8       72         0
                text46                             3B00     3B00       86         0
                text45                             426E     426E       2A         0
                text44                             4344     4344       1C         0
                text43                             4414     4414        8         0
                text42                             35D2     35D2       B0         0
                text41                             3C0C     3C0C       82         0
                text40                             416C     416C       3C         0
                text39                             3382     3382       DE         0
                text38                             3F82     3F82       5A         0
                text37                             4240     4240       2E         0
                text36                             37B6     37B6       94         0
                text35                             1502     1502      682         0
                text34                             4328     4328       1C         0
                text33                             3F28     3F28       5A         0
                text32                             4210     4210       30         0
                text31                             40DC     40DC       4C         0
                text30                             4400     4400        A         0
                text29                             3ECE     3ECE       5A         0
                text28                             41DE     41DE       32         0
                text27                             2B02     2B02      25A         0
                text26                             3E6A     3E6A       64         0
                text25                             23B4     23B4      3CA         0
                text24                             3720     3720       96         0
                text23                             3460     3460       BE         0
                text22                             1B84     1B84      456         0
                text21                             3A78     3A78       88         0
                text20                              216      216     12EC         0
                text19                             43D2     43D2       10         0
                text18                             42EA     42EA       22         0
                text17                             2FAE     2FAE      1B6         0
                text16                             1FDA     1FDA      3DA         0
                text15                             2D5C     2D5C      252         0
                text14                             277E     277E      384         0
                text13                             43AA     43AA       16         0
                text12                             4128     4128       44         0
                text11                             3164     3164      12A         0
                text10                             3D82     3D82       76         0
                text9                              3FDC     3FDC       58         0
                text8                              384A     384A       92         0
                text7                              430C     430C       1C         0
                text6                              3C8E     3C8E       7C         0
                text5                              39F0     39F0       88         0
                text4                              437A     437A       18         0
                text3                              328E     328E       F4         0
                text2                              441E     441E        2         0
                text1                              41A8     41A8       36         0
                text0                              3682     3682       9E         0
                cinit                              3968     3968       88         0
                idataBANK2                         43C0     43C0       11         0
                idataBANK1                         4420     4420        1         0
                idataCOMRAM                        441C     441C        2         0

        CLASS   CONST          

        CLASS   SMALLCONST     

        CLASS   MEDIUMCONST    
                mediumconst                        FEC6     FEC6      132         0

        CLASS   COMRAM         
                temp                                 5D       5D        1         1
                cstackCOMRAM                          1        1       2E         1
                dataCOMRAM                           5B       5B        2         1
                bssCOMRAM                            2F       2F       2C         1

        CLASS   ABS1           

        CLASS   BIGRAM         

        CLASS   RAM            

        CLASS   BANK0          
                cstackBANK0                          60       60       9F         1

        CLASS   BANK1          
                cstackBANK1                         1DD      1DD       1F         1
                dataBANK1                           1FC      1FC        1         1
                bssBANK1                            100      100       DD         1

        CLASS   BANK2          
                dataBANK2                           2E9      2E9       11         1
                bssBANK2                            200      200       E9         1

        CLASS   BANK3          
                bssBANK3                            300      300       8C         1

        CLASS   BANK4          

        CLASS   BANK5          

        CLASS   BANK6          

        CLASS   BANK7          

        CLASS   BANK8          

        CLASS   BANK9          

        CLASS   BANK10         

        CLASS   BANK11         

        CLASS   BANK12         

        CLASS   BANK13         

        CLASS   BANK14         

        CLASS   SFR            

        CLASS   FARRAM         

        CLASS   CONFIG         
                config                             FFF8     FFF8        8         0

        CLASS   IDLOC          



SEGMENTS        Name                           Load    Length   Top    Selector   Space  Class

                reset_vec                      000000  000004  000004         0       0  CODE    
                cstackCOMRAM                   000001  00005D  00005E         1       1  COMRAM  
                intcode                        000008  0043C9  0043D1         4       0  CODE    
                cstackBANK0                    000060  00009F  0000FF        60       1  BANK0   
                bssBANK1                       000100  0000FD  0001FD       100       1  BANK1   
                bssBANK2                       000200  0000FA  0002FA       200       1  BANK2   
                bssBANK3                       000300  00008C  00038C       300       1  BANK3   
                text19                         0043D2  00004F  004421      21E9       0  CODE    
                mediumconst                    00FEC6  000132  00FFF8      7F63       0  MEDIUMCO
                config                         00FFF8  000008  010000      FFF8       0  CONFIG  


UNUSED ADDRESS RANGES

        Name                Unused          Largest block    Delta
        BANK0            000FF-000FF               1
        BANK1            001FD-001FF               3
        BANK10           00A00-00AFF             100
        BANK11           00B00-00BFF             100
        BANK12           00C00-00CFF             100
        BANK13           00D00-00DFF             100
        BANK14           00E00-00EBF              C0
        BANK2            002FA-002FF               6
        BANK3            0038C-003FF              74
        BANK4            00400-004FF             100
        BANK5            00500-005FF             100
        BANK6            00600-006FF             100
        BANK7            00700-007FF             100
        BANK8            00800-008FF             100
        BANK9            00900-009FF             100
        BIGRAM           0005E-0005F               2
                         000FF-000FF               1
                         001FD-001FF               3
                         002FA-002FF               6
                         0038C-00EBF             B34
        CODE             00004-00007               4
                         043D1-043D1               1
                         04421-0FEC5            BAA5
        COMRAM           0005E-0005F               2
        CONST            00004-00007               4
                         043D1-043D1               1
                         04421-0FEC5            BAA5
        MEDIUMCONST      043D1-043D1               1
                         04421-0FEC5            BAA5
        RAM              000FF-000FF               1
                         001FD-001FF               3
                         002FA-002FF               6
                         0038C-00EBF             100
        SFR              00EC0-00FFF              60
        SMALLCONST       043D1-043D1               1
                         04421-0FEC5             100
        STACK            0038C-00EBF             B34

                                  Symbol Table

?_MiWi_TickGet                            cstackBANK0   00060
?___awdiv                                 cstackBANK0   00060
?___awmod                                 cstackBANK0   00060
?___lmul                                  cstackBANK0   00060
?i2___lmul                                cstackCOMRAM  00001
AddNodeToNetworkTable@handle              cstackBANK0   00069
AddNodeToNetworkTable@i                   cstackBANK0   00068
BroadcastJitter@jitter                    cstackBANK0   0007B
BroadcastJitter@range                     cstackBANK0   0007A
BroadcastJitter@t1                        cstackBANK0   00072
BroadcastJitter@t2                        cstackBANK0   00076
DELAY_ms@cyclesRequiredForEntireDelay     cstackBANK0   0006E
DELAY_ms@ms                               cstackBANK0   0006C
I2CWrite@BufferLen                        cstackBANK0   00060
I2CWrite@Commandlen                       cstackBANK0   00061
InitMRF24J40@_dcnt                        cstackBANK0   0006B
InitMRF24J40@_dcnt_1478                   cstackBANK0   0006F
InitMRF24J40@_ms                          cstackBANK0   00073
InitMRF24J40@_ms_1479                     cstackBANK0   00077
InitMRF24J40@i                            cstackBANK0   0007D
InitMRF24J40@j                            cstackBANK0   0007B
MiApp_ConnectionMode@Mode                 cstackBANK0   00061
MiApp_EstablishConnection@ActiveScanIndex cstackBANK1   001EE
MiApp_EstablishConnection@Mode            cstackBANK0   000F9
MiApp_EstablishConnection@retry           cstackBANK1   001ED
MiApp_EstablishConnection@t1              cstackBANK1   001E5
MiApp_EstablishConnection@t2              cstackBANK1   001E9
MiApp_ProtocolInit@MIP                    cstackBANK0   00084
MiApp_ProtocolInit@bNetworkFreezer        cstackBANK0   00083
MiApp_ProtocolInit@i                      cstackBANK0   00087
MiApp_SearchConnection@ChannelMap         cstackBANK0   000D9
MiApp_SearchConnection@ScanDuration       cstackBANK0   000F6
MiApp_SearchConnection@backupChannel      cstackBANK0   000F7
MiApp_SearchConnection@channelMask        cstackBANK0   000EA
MiApp_SearchConnection@i                  cstackBANK0   000F8
MiApp_SearchConnection@t1                 cstackBANK0   000EE
MiApp_SearchConnection@t2                 cstackBANK0   000F2
MiApp_SetChannel@channel                  cstackBANK0   0006A
MiApp_StartConnection@ChannelMap          cstackBANK0   0006A
MiApp_StartConnection@Mode                cstackBANK0   0006F
MiApp_StartConnection@ScanDuration        cstackBANK0   00069
MiApp_UnicastAddress@DestAddress          cstackBANK0   000D9
MiApp_UnicastAddress@MiWiFrameControl     cstackBANK0   000F5
MiApp_UnicastAddress@PermanentAddr        cstackBANK0   000DB
MiApp_UnicastAddress@SecEn                cstackBANK0   000DC
MiApp_UnicastAddress@handle               cstackBANK0   000F7
MiApp_UnicastAddress@i                    cstackBANK0   000F6
MiApp_UnicastAddress@t1                   cstackBANK0   000E5
MiApp_UnicastAddress@t1_949               cstackBANK0   000ED
MiApp_UnicastAddress@t2                   cstackBANK0   000E9
MiApp_UnicastAddress@t2_960               cstackBANK0   000F1
MiMAC_Init@i                              cstackBANK0   00081
MiMAC_Init@initValue                      cstackBANK0   0007E
MiMAC_ReceivedPacket@addrMode             cstackBANK0   00066
MiMAC_ReceivedPacket@bIntraPAN            cstackBANK0   00068
MiMAC_ReceivedPacket@i                    cstackBANK0   00067
MiMAC_SendPacket@IntraPAN                 cstackBANK0   00098
MiMAC_SendPacket@MACPayload               cstackBANK0   00085
MiMAC_SendPacket@MACPayloadLen            cstackBANK0   00087
MiMAC_SendPacket@frameControl             cstackBANK0   00099
MiMAC_SendPacket@headerLength             cstackBANK0   0009A
MiMAC_SendPacket@i                        cstackBANK0   0009B
MiMAC_SendPacket@loc                      cstackBANK0   0009C
MiMAC_SendPacket@t1                       cstackBANK0   00090
MiMAC_SendPacket@t2                       cstackBANK0   00094
MiMAC_SendPacket@transParam               cstackBANK0   0007E
MiMAC_SetAltAddress@Address               cstackBANK0   00065
MiMAC_SetAltAddress@PANID                 cstackBANK0   00067
MiMAC_SetChannel@channel                  cstackBANK0   00069
MiMAC_SetChannel@offsetFreq               cstackBANK0   00068
MiWiTasks@CapacityByte                    cstackBANK0   000CB
MiWiTasks@CoordAddress                    cstackBANK0   000BC
MiWiTasks@associateStatus                 cstackBANK0   000C0
MiWiTasks@cIndex                          cstackBANK0   000C8
MiWiTasks@coordinatorNumber               cstackBANK0   000C5
MiWiTasks@destPANID                       cstackBANK0   000CD
MiWiTasks@destShortAddress                cstackBANK0   000D0
MiWiTasks@entry                           cstackBANK0   000BF
MiWiTasks@handle                          cstackBANK0   000D4
MiWiTasks@i                               cstackBANK0   000D8
MiWiTasks@j                               cstackBANK0   000D7
MiWiTasks@j_616                           cstackBANK0   000CC
MiWiTasks@j_685                           cstackBANK0   000CF
MiWiTasks@j_696                           cstackBANK0   000C6
MiWiTasks@j_703                           cstackBANK0   000C9
MiWiTasks@mask                            cstackBANK0   000BE
MiWiTasks@rxIndex                         cstackBANK0   000CA
MiWiTasks@sourcePANID                     cstackBANK0   000D2
MiWiTasks@sourceShortAddress              cstackBANK0   000D5
MiWiTasks@t1                              cstackBANK0   000C1
MiWiTasks@t2                              cstackBANK0   000B8
MiWi_TickGet@currentTime                  cstackBANK0   00066
MiWi_TickGet@failureCounter               cstackBANK0   00065
OpenSocket@i                              cstackBANK0   000F8
PHYGetLongRAMAddr@address                 cstackBANK0   00062
PHYGetLongRAMAddr@tmpRFIE                 cstackBANK0   00067
PHYGetLongRAMAddr@toReturn                cstackBANK0   00066
PHYGetShortRAMAddr@address                cstackBANK0   00062
PHYGetShortRAMAddr@tmpRFIE                cstackBANK0   00064
PHYGetShortRAMAddr@toReturn               cstackBANK0   00063
PHYSetLongRAMAddr@address                 cstackBANK0   00062
PHYSetLongRAMAddr@tmpRFIE                 cstackBANK0   00067
PHYSetLongRAMAddr@value                   cstackBANK0   00064
PHYSetShortRAMAddr@address                cstackBANK0   00063
PHYSetShortRAMAddr@tmpRFIE                cstackBANK0   00064
PHYSetShortRAMAddr@value                  cstackBANK0   00062
RouteMessage@PANID                        cstackBANK0   000A4
RouteMessage@SecEn                        cstackBANK0   000A8
RouteMessage@ShortAddress                 cstackBANK0   000A6
RouteMessage@i                            cstackBANK0   000AD
RouteMessage@parentNode                   cstackBANK0   000AC
SPIPut@i                                  cstackBANK0   00060
SPIPut@v                                  cstackBANK0   00061
SearchForLongAddress@i                    cstackBANK0   00065
SearchForLongAddress@j                    cstackBANK0   00064
SearchForShortAddress@i                   cstackBANK0   00062
SendMACPacket@Address                     cstackBANK0   0009F
SendMACPacket@ModeMask                    cstackBANK0   000A2
SendMACPacket@PANID                       cstackBANK0   0009D
SendMACPacket@PacketType                  cstackBANK0   000A1
UnicastShortAddress@DestAddress           cstackBANK0   000AE
VT100SetCursorPos@Cmd                     cstackBANK0   00069
VT100SetCursorPos@F7205                   dataBANK2     002E9
VT100SetCursorPos@c                       cstackBANK0   00068
VT100SetCursorPos@r                       cstackBANK0   00072
_ANCON0                                   (abs)         00F48
_ANCON1                                   (abs)         00F49
_AcknowledgementAddr                      bssBANK1      0012B
_AcknowledgementSeq                       dataBANK1     001FC
_ActiveScanResultIndex                    bssCOMRAM     0004E
_ActiveScanResults                        bssBANK3      00300
_AddNodeToNetworkTable                    text39        03382
_BAUDCON1bits                             (abs)         00F7E
_BankIndex                                dataCOMRAM    0005B
_BroadcastJitter                          text36        037B6
_BroadcastRecords                         bssBANK2      00200
_CommandLen                               bssBANK1      0012D
_CommandPtr                               bssCOMRAM     00044
_ConnMode                                 bssCOMRAM     0004F
_ConnectionTable                          bssBANK1      00133
_DELAY_ms                                 text8         0384A
_EECON2                                   (abs)         00FA7
_I2CTask                                  text59        0351E
_I2CWrite                                 text7         0430C
_IEEESeqNum                               bssBANK1      0012F
_INTCON                                   (abs)         00FF2
_INTCON2bits                              (abs)         00FF1
_INTCON3bits                              (abs)         00FF0
_INTCONbits                               (abs)         00FF2
_InitMRF24J40                             text27        02B02
_InitSymbolTimer                          text13        043AA
_LATA                                     (abs)         00F89
_LATB                                     (abs)         00F8A
_LATBbits                                 (abs)         00F8A
_LATCbits                                 (abs)         00F8B
_LATD                                     (abs)         00F8C
_LATDbits                                 (abs)         00F8C
_LATE                                     (abs)         00F8D
_LCDCommand                               bssBANK1      0011A
_LCDText                                  bssBANK2      002C8
_LCD_Initialize                           text6         03C8E
_MACCurrentChannel                        bssBANK1      0012E
_MACInitParams                            bssBANK1      00126
_MACRxPacket                              bssCOMRAM     0002F
_MAC_PANID                                bssCOMRAM     00052
_MRF24J40Status                           bssCOMRAM     00046
_MTP                                      bssCOMRAM     0003A
_MiApp_ConnectionMode                     text45        0426E
_MiApp_DiscardMessage                     text43        04414
_MiApp_EstablishConnection                text14        0277E
_MiApp_MessageAvailable                   text19        043D2
_MiApp_ProtocolInit                       text11        03164
_MiApp_SearchConnection                   text17        02FAE
_MiApp_SetChannel                         text18        042EA
_MiApp_StartConnection                    text10        03D82
_MiApp_UnicastAddress                     text16        01FDA
_MiMAC_DiscardPacket                      text44        04344
_MiMAC_Init                               text12        04128
_MiMAC_ReceivedPacket                     text35        01502
_MiMAC_SendPacket                         text25        023B4
_MiMAC_SetAltAddress                      text26        03E6A
_MiMAC_SetChannel                         text31        040DC
_MiWiAckRequired                          bssCOMRAM     00049
_MiWiCapacityInfo                         bssBANK1      00132
_MiWiSeqNum                               bssCOMRAM     0004A
_MiWiStateMachine                         bssCOMRAM     00041
_MiWiTasks                                text20        00216
_MiWi_TickGet                             text38        03F82
_OSCCON                                   (abs)         00FD3
_OSCTUNEbits                              (abs)         00F9B
_OpenSocket                               text15        02D5C
_PHYGetLongRAMAddr                        text29        03ECE
_PHYGetShortRAMAddr                       text28        041DE
_PHYSetLongRAMAddr                        text33        03F28
_PHYSetShortRAMAddr                       text32        04210
_PIE1bits                                 (abs)         00F9D
_PIE3bits                                 (abs)         00FA3
_PIR1bits                                 (abs)         00F9E
_PIR3bits                                 (abs)         00FA4
_PORTBbits                                (abs)         00F81
_PPSCONbits                               (abs)         00EFF
_RCREG2                                   (abs)         00FAA
_RCSTA2                                   (abs)         00F9C
_RCSTA2bits                               (abs)         00F9C
_RPINR1                                   (abs)         00EE7
_RPINR16                                  (abs)         00EF6
_RPOR17                                   (abs)         00ED7
_RouteMessage                             text22        01B84
_RouterFailures                           bssBANK1      0010A
_RoutingTable                             bssBANK2      00220
_RxBuffer                                 bssBANK2      00228
_SPBRG2                                   (abs)         00FAB
_SPBRGH2                                  (abs)         00F7D
_SPIGet                                   text30        04400
_SPIPut                                   text34        04328
_SSP1BUF                                  (abs)         00FC9
_SSP1CON1                                 (abs)         00FC6
_SSP1CON1bits                             (abs)         00FC6
_SSP1STAT                                 (abs)         00FC7
_SSP2ADD                                  (abs)         00F74
_SSP2BUF                                  (abs)         00F75
_SSP2CON1                                 (abs)         00F72
_SSP2CON1bits                             (abs)         00F72
_SSP2CON2                                 (abs)         00F71
_SSP2CON2bits                             (abs)         00F71
_SSP2STAT                                 (abs)         00F73
_SYSTEM_Initialize                        text5         039F0
_ScanTime                                 mediumconst   0FEC7
_SearchForLongAddress                     text42        035D2
_SearchForShortAddress                    text41        03C0C
_SendBeacon                               text23        03460
_SendMACPacket                            text24        03720
_T1CON                                    (abs)         00FCD
_T1CONbits                                (abs)         00FCD
_TMR0L                                    (abs)         00FD6
_TMR1H                                    (abs)         00FCF
_TMR1L                                    (abs)         00FCE
_TRISA                                    (abs)         00F92
_TRISAbits                                (abs)         00F92
_TRISB                                    (abs)         00F93
_TRISBbits                                (abs)         00F93
_TRISC                                    (abs)         00F94
_TRISCbits                                (abs)         00F94
_TRISD                                    (abs)         00F95
_TRISDbits                                (abs)         00F95
_TRISE                                    (abs)         00F96
_TXREG2                                   (abs)         00FA9
_TXSTA2                                   (abs)         00FA8
_TXSTA2bits                               (abs)         00FA8
_TextLen                                  bssCOMRAM     00045
_TextPtr                                  bssCOMRAM     00043
_TxBuffer                                 bssBANK1      0018E
_TxData                                   bssCOMRAM     0004C
_UnicastShortAddress                      text21        03A78
_UserInterruptHandler                     text58        04392
_VT100ClearScreen                         text49        043E2
_VT100SetCursorPos                        text46        03B00
_WDTCONbits                               (abs)         00FC0
__CFG_CPUDIV$OSC3_PLL3                    (abs)         00000
__CFG_OSC$HSPLL                           (abs)         00000
__CFG_PLLDIV$2                            (abs)         00000
__CFG_WDTEN$OFF                           (abs)         00000
__CFG_XINST$OFF                           (abs)         00000
__HRAM                                    (abs)         00000
__Habs1                                   abs1          00000
__Hbank0                                  bank0         00000
__Hbank1                                  bank1         00000
__Hbank10                                 bank10        00000
__Hbank11                                 bank11        00000
__Hbank12                                 bank12        00000
__Hbank13                                 bank13        00000
__Hbank14                                 bank14        00000
__Hbank2                                  bank2         00000
__Hbank3                                  bank3         00000
__Hbank4                                  bank4         00000
__Hbank5                                  bank5         00000
__Hbank6                                  bank6         00000
__Hbank7                                  bank7         00000
__Hbank8                                  bank8         00000
__Hbank9                                  bank9         00000
__Hbigbss                                 bigbss        00000
__Hbigdata                                bigdata       00000
__Hbigram                                 bigram        00000
__Hbss                                    bss           00000
__HbssBANK1                               bssBANK1      00000
__HbssBANK2                               bssBANK2      00000
__HbssBANK3                               bssBANK3      00000
__HbssCOMRAM                              bssCOMRAM     00000
__Hcinit                                  cinit         00000
__Hclrtext                                clrtext       00000
__Hcomram                                 comram        00000
__Hconfig                                 config        10000
__Hconst                                  const         00000
__HcstackBANK0                            cstackBANK0   00000
__HcstackBANK1                            cstackBANK1   00000
__HcstackCOMRAM                           cstackCOMRAM  00000
__Hdata                                   data          00000
__HdataBANK1                              dataBANK1     00000
__HdataBANK2                              dataBANK2     00000
__HdataCOMRAM                             dataCOMRAM    00000
__Hfarbss                                 farbss        00000
__Hfardata                                fardata       00000
__Hibigdata                               ibigdata      00000
__Hidata                                  idata         00000
__HidataBANK1                             idataBANK1    00000
__HidataBANK2                             idataBANK2    00000
__HidataCOMRAM                            idataCOMRAM   00000
__Hidloc                                  idloc         00000
__Hifardata                               ifardata      00000
__Hinit                                   init          00216
__Hintcode                                intcode       00212
__Hintcode_body                           intcode_body  00000
__Hintcodelo                              intcodelo     00212
__Hintentry                               intentry      00000
__Hintret                                 intret        00000
__Hintsave_regs                           intsave_regs  00000
__Hirdata                                 irdata        00000
__Hjflash_buffer                          jflash_buffer 0F800
__Hmediumconst                            mediumconst   0FFF8
__HnvFARRAM                               nvFARRAM      00000
__Hnvbit                                  nvbit         00000
__Hnvrram                                 nvrram        00000
__Hparam                                  rparam        00000
__Hpowerup                                powerup       00212
__Hram                                    ram           00000
__Hramtop                                 ramtop        00F00
__Hrbit                                   rbit          00000
__Hrbss                                   rbss          00000
__Hrdata                                  rdata         00000
__Hreset_vec                              reset_vec     00004
__Hrparam                                 rparam        00000
__Hsfr                                    sfr           00000
__Hsmallconst                             smallconst    00000
__Hspace_0                                (abs)         10000
__Hspace_1                                (abs)         0038C
__Hspace_2                                (abs)         00000
__Hstack                                  stack         00000
__Hstruct                                 struct        00000
__Htemp                                   temp          0005E
__Htext                                   text          00000
__Htext0                                  text0         00000
__Htext1                                  text1         00000
__Htext10                                 text10        00000
__Htext11                                 text11        00000
__Htext12                                 text12        00000
__Htext13                                 text13        00000
__Htext14                                 text14        00000
__Htext15                                 text15        00000
__Htext16                                 text16        00000
__Htext17                                 text17        00000
__Htext18                                 text18        00000
__Htext19                                 text19        00000
__Htext2                                  text2         00000
__Htext20                                 text20        00000
__Htext21                                 text21        00000
__Htext22                                 text22        00000
__Htext23                                 text23        00000
__Htext24                                 text24        00000
__Htext25                                 text25        00000
__Htext26                                 text26        00000
__Htext27                                 text27        00000
__Htext28                                 text28        00000
__Htext29                                 text29        00000
__Htext3                                  text3         00000
__Htext30                                 text30        00000
__Htext31                                 text31        00000
__Htext32                                 text32        00000
__Htext33                                 text33        00000
__Htext34                                 text34        00000
__Htext35                                 text35        00000
__Htext36                                 text36        00000
__Htext37                                 text37        00000
__Htext38                                 text38        00000
__Htext39                                 text39        00000
__Htext4                                  text4         00000
__Htext40                                 text40        00000
__Htext41                                 text41        00000
__Htext42                                 text42        00000
__Htext43                                 text43        00000
__Htext44                                 text44        00000
__Htext45                                 text45        00000
__Htext46                                 text46        00000
__Htext47                                 text47        00000
__Htext48                                 text48        00000
__Htext49                                 text49        00000
__Htext5                                  text5         00000
__Htext50                                 text50        00000
__Htext51                                 text51        00000
__Htext53                                 text53        00000
__Htext54                                 text54        00000
__Htext55                                 text55        00000
__Htext56                                 text56        00000
__Htext57                                 text57        00000
__Htext58                                 text58        00000
__Htext59                                 text59        00000
__Htext6                                  text6         00000
__Htext60                                 text60        00000
__Htext61                                 text61        00000
__Htext7                                  text7         00000
__Htext8                                  text8         00000
__Htext9                                  text9         00000
__LRAM                                    (abs)         00001
__Labs1                                   abs1          00000
__Lbank0                                  bank0         00000
__Lbank1                                  bank1         00000
__Lbank10                                 bank10        00000
__Lbank11                                 bank11        00000
__Lbank12                                 bank12        00000
__Lbank13                                 bank13        00000
__Lbank14                                 bank14        00000
__Lbank2                                  bank2         00000
__Lbank3                                  bank3         00000
__Lbank4                                  bank4         00000
__Lbank5                                  bank5         00000
__Lbank6                                  bank6         00000
__Lbank7                                  bank7         00000
__Lbank8                                  bank8         00000
__Lbank9                                  bank9         00000
__Lbigbss                                 bigbss        00000
__Lbigdata                                bigdata       00000
__Lbigram                                 bigram        00000
__Lbss                                    bss           00000
__LbssBANK1                               bssBANK1      00000
__LbssBANK2                               bssBANK2      00000
__LbssBANK3                               bssBANK3      00000
__LbssCOMRAM                              bssCOMRAM     00000
__Lcinit                                  cinit         00000
__Lclrtext                                clrtext       00000
__Lcomram                                 comram        00000
__Lconfig                                 config        0FFF8
__Lconst                                  const         00000
__LcstackBANK0                            cstackBANK0   00000
__LcstackBANK1                            cstackBANK1   00000
__LcstackCOMRAM                           cstackCOMRAM  00000
__Ldata                                   data          00000
__LdataBANK1                              dataBANK1     00000
__LdataBANK2                              dataBANK2     00000
__LdataCOMRAM                             dataCOMRAM    00000
__Lfarbss                                 farbss        00000
__Lfardata                                fardata       00000
__Libigdata                               ibigdata      00000
__Lidata                                  idata         00000
__LidataBANK1                             idataBANK1    00000
__LidataBANK2                             idataBANK2    00000
__LidataCOMRAM                            idataCOMRAM   00000
__Lidloc                                  idloc         00000
__Lifardata                               ifardata      00000
__Linit                                   init          00212
__Lintcode                                intcode       00008
__Lintcode_body                           intcode_body  00000
__Lintcodelo                              intcodelo     00212
__Lintentry                               intentry      00000
__Lintret                                 intret        00000
__Lintsave_regs                           intsave_regs  00000
__Lirdata                                 irdata        00000
__Ljflash_buffer                          jflash_buffer 0F800
__Lmediumconst                            mediumconst   0FEC6
__LnvFARRAM                               nvFARRAM      00000
__Lnvbit                                  nvbit         00000
__Lnvrram                                 nvrram        00000
__Lparam                                  rparam        00000
__Lpowerup                                powerup       00212
__Lram                                    ram           00000
__Lramtop                                 ramtop        00F00
__Lrbit                                   rbit          00000
__Lrbss                                   rbss          00000
__Lrdata                                  rdata         00000
__Lreset_vec                              reset_vec     00000
__Lrparam                                 rparam        00000
__Lsfr                                    sfr           00000
__Lsmallconst                             smallconst    00000
__Lspace_0                                (abs)         00000
__Lspace_1                                (abs)         00000
__Lspace_2                                (abs)         00000
__Lstack                                  stack         00000
__Lstruct                                 struct        00000
__Ltemp                                   temp          0005D
__Ltext                                   text          00000
__Ltext0                                  text0         00000
__Ltext1                                  text1         00000
__Ltext10                                 text10        00000
__Ltext11                                 text11        00000
__Ltext12                                 text12        00000
__Ltext13                                 text13        00000
__Ltext14                                 text14        00000
__Ltext15                                 text15        00000
__Ltext16                                 text16        00000
__Ltext17                                 text17        00000
__Ltext18                                 text18        00000
__Ltext19                                 text19        00000
__Ltext2                                  text2         00000
__Ltext20                                 text20        00000
__Ltext21                                 text21        00000
__Ltext22                                 text22        00000
__Ltext23                                 text23        00000
__Ltext24                                 text24        00000
__Ltext25                                 text25        00000
__Ltext26                                 text26        00000
__Ltext27                                 text27        00000
__Ltext28                                 text28        00000
__Ltext29                                 text29        00000
__Ltext3                                  text3         00000
__Ltext30                                 text30        00000
__Ltext31                                 text31        00000
__Ltext32                                 text32        00000
__Ltext33                                 text33        00000
__Ltext34                                 text34        00000
__Ltext35                                 text35        00000
__Ltext36                                 text36        00000
__Ltext37                                 text37        00000
__Ltext38                                 text38        00000
__Ltext39                                 text39        00000
__Ltext4                                  text4         00000
__Ltext40                                 text40        00000
__Ltext41                                 text41        00000
__Ltext42                                 text42        00000
__Ltext43                                 text43        00000
__Ltext44                                 text44        00000
__Ltext45                                 text45        00000
__Ltext46                                 text46        00000
__Ltext47                                 text47        00000
__Ltext48                                 text48        00000
__Ltext49                                 text49        00000
__Ltext5                                  text5         00000
__Ltext50                                 text50        00000
__Ltext51                                 text51        00000
__Ltext53                                 text53        00000
__Ltext54                                 text54        00000
__Ltext55                                 text55        00000
__Ltext56                                 text56        00000
__Ltext57                                 text57        00000
__Ltext58                                 text58        00000
__Ltext59                                 text59        00000
__Ltext6                                  text6         00000
__Ltext60                                 text60        00000
__Ltext61                                 text61        00000
__Ltext7                                  text7         00000
__Ltext8                                  text8         00000
__Ltext9                                  text9         00000
__S0                                      (abs)         10000
__S1                                      (abs)         0038C
__S2                                      (abs)         00000
___awdiv                                  text48        03B86
___awdiv@counter                          cstackBANK0   00064
___awdiv@dividend                         cstackBANK0   00060
___awdiv@divisor                          cstackBANK0   00062
___awdiv@quotient                         cstackBANK0   00066
___awdiv@sign                             cstackBANK0   00065
___awmod                                  text47        03DF8
___awmod@counter                          cstackBANK0   00064
___awmod@dividend                         cstackBANK0   00060
___awmod@divisor                          cstackBANK0   00062
___awmod@sign                             cstackBANK0   00065
___inthi_sp                               stack         00000
___intlo_sp                               stack         00000
___lbmod                                  text37        04240
___lbmod@counter                          cstackBANK0   00062
___lbmod@dividend                         cstackBANK0   00061
___lbmod@divisor                          cstackBANK0   00060
___lbmod@rem                              cstackBANK0   00063
___lmul                                   text9         03FDC
___lmul@multiplicand                      cstackBANK0   00064
___lmul@multiplier                        cstackBANK0   00060
___lmul@product                           cstackBANK0   00068
___param_bank                             (abs)         00000
___rparam_used                            (abs)         00001
___sp                                     stack         00000
__accesstop                               (abs)         00060
__activetblptr                            (abs)         00002
__end_of_AddNodeToNetworkTable            text39        03460
__end_of_BroadcastJitter                  text36        0384A
__end_of_DELAY_ms                         text8         038DC
__end_of_I2CTask                          text59        035D2
__end_of_I2CWrite                         text7         04328
__end_of_InitMRF24J40                     text27        02D5C
__end_of_InitSymbolTimer                  text13        043C0
__end_of_LCD_Initialize                   text6         03D0A
__end_of_MiApp_ConnectionMode             text45        04298
__end_of_MiApp_DiscardMessage             text43        0441C
__end_of_MiApp_EstablishConnection        text14        02B02
__end_of_MiApp_MessageAvailable           text19        043E2
__end_of_MiApp_ProtocolInit               text11        0328E
__end_of_MiApp_SearchConnection           text17        03164
__end_of_MiApp_SetChannel                 text18        0430C
__end_of_MiApp_StartConnection            text10        03DF8
__end_of_MiApp_UnicastAddress             text16        023B4
__end_of_MiMAC_DiscardPacket              text44        04360
__end_of_MiMAC_Init                       text12        0416C
__end_of_MiMAC_ReceivedPacket             text35        01B84
__end_of_MiMAC_SendPacket                 text25        0277E
__end_of_MiMAC_SetAltAddress              text26        03ECE
__end_of_MiMAC_SetChannel                 text31        04128
__end_of_MiWiTasks                        text20        01502
__end_of_MiWi_TickGet                     text38        03FDC
__end_of_OpenSocket                       text15        02FAE
__end_of_PHYGetLongRAMAddr                text29        03F28
__end_of_PHYGetShortRAMAddr               text28        04210
__end_of_PHYSetLongRAMAddr                text33        03F82
__end_of_PHYSetShortRAMAddr               text32        04240
__end_of_RouteMessage                     text22        01FDA
__end_of_SPIGet                           text30        0440A
__end_of_SPIPut                           text34        04344
__end_of_SYSTEM_Initialize                text5         03A78
__end_of_ScanTime                         mediumconst   0FF03
__end_of_SearchForLongAddress             text42        03682
__end_of_SearchForShortAddress            text41        03C8E
__end_of_SendBeacon                       text23        0351E
__end_of_SendMACPacket                    text24        037B6
__end_of_UnicastShortAddress              text21        03B00
__end_of_UserInterruptHandler             text58        043AA
__end_of_VT100ClearScreen                 text49        043F2
__end_of_VT100SetCursorPos                text46        03B86
__end_of___awdiv                          text48        03C0C
__end_of___awmod                          text47        03E6A
__end_of___lbmod                          text37        0426E
__end_of___lmul                           text9         04034
__end_of__initialization                  cinit         039E2
__end_of__uartPrint                       text50        03D82
__end_of_chatInit                         text3         03382
__end_of_dpowers                          mediumconst   0FF19
__end_of_findNextNetworkEntry             text40        041A8
__end_of_hexpowers                        mediumconst   0FF21
__end_of_high_isr                         intcode       00212
__end_of_main                             text0         03720
__end_of_octpowers                        mediumconst   0FF0F
__end_of_uartInitialize                   text4         04392
__end_of_uartRead                         text1         041DE
__end_of_uartWrite                        text51        04400
__end_of_vT100EraseEndOfLine              text2         04420
__end_ofi2_DELAY_ms                       text60        03968
__end_ofi2_PHYGetLongRAMAddr              text55        040DC
__end_ofi2_PHYGetShortRAMAddr             text54        042C2
__end_ofi2_PHYSetShortRAMAddr             text53        042EA
__end_ofi2_SPIGet                         text56        04414
__end_ofi2_SPIPut                         text57        0437A
__end_ofi2___lmul                         text61        0408A
__initialization                          cinit         03968
__mediumconst                             mediumconst   0FEC6
__pbssBANK1                               bssBANK1      00100
__pbssBANK2                               bssBANK2      00200
__pbssBANK3                               bssBANK3      00300
__pbssCOMRAM                              bssCOMRAM     0002F
__pcinit                                  cinit         03968
__pcstackBANK0                            cstackBANK0   00060
__pcstackBANK1                            cstackBANK1   001DD
__pcstackCOMRAM                           cstackCOMRAM  00001
__pdataBANK1                              dataBANK1     001FC
__pdataBANK2                              dataBANK2     002E9
__pdataCOMRAM                             dataCOMRAM    0005B
__pidataBANK1                             idataBANK1    04420
__pidataBANK2                             idataBANK2    043C0
__pidataCOMRAM                            idataCOMRAM   0441C
__pintcode                                intcode       00008
__pmediumconst                            mediumconst   0FEC6
__ptext0                                  text0         03682
__ptext1                                  text1         041A8
__ptext10                                 text10        03D82
__ptext11                                 text11        03164
__ptext12                                 text12        04128
__ptext13                                 text13        043AA
__ptext14                                 text14        0277E
__ptext15                                 text15        02D5C
__ptext16                                 text16        01FDA
__ptext17                                 text17        02FAE
__ptext18                                 text18        042EA
__ptext19                                 text19        043D2
__ptext2                                  text2         0441E
__ptext20                                 text20        00216
__ptext21                                 text21        03A78
__ptext22                                 text22        01B84
__ptext23                                 text23        03460
__ptext24                                 text24        03720
__ptext25                                 text25        023B4
__ptext26                                 text26        03E6A
__ptext27                                 text27        02B02
__ptext28                                 text28        041DE
__ptext29                                 text29        03ECE
__ptext3                                  text3         0328E
__ptext30                                 text30        04400
__ptext31                                 text31        040DC
__ptext32                                 text32        04210
__ptext33                                 text33        03F28
__ptext34                                 text34        04328
__ptext35                                 text35        01502
__ptext36                                 text36        037B6
__ptext37                                 text37        04240
__ptext38                                 text38        03F82
__ptext39                                 text39        03382
__ptext4                                  text4         0437A
__ptext40                                 text40        0416C
__ptext41                                 text41        03C0C
__ptext42                                 text42        035D2
__ptext43                                 text43        04414
__ptext44                                 text44        04344
__ptext45                                 text45        0426E
__ptext46                                 text46        03B00
__ptext47                                 text47        03DF8
__ptext48                                 text48        03B86
__ptext49                                 text49        043E2
__ptext5                                  text5         039F0
__ptext50                                 text50        03D0A
__ptext51                                 text51        043F2
__ptext53                                 text53        042C2
__ptext54                                 text54        04298
__ptext55                                 text55        0408A
__ptext56                                 text56        0440A
__ptext57                                 text57        04360
__ptext58                                 text58        04392
__ptext59                                 text59        0351E
__ptext6                                  text6         03C8E
__ptext60                                 text60        038DC
__ptext61                                 text61        04034
__ptext7                                  text7         0430C
__ptext8                                  text8         0384A
__ptext9                                  text9         03FDC
__ramtop                                  ramtop        00F00
__size_of_AddNodeToNetworkTable           (abs)         00000
__size_of_BroadcastJitter                 (abs)         00000
__size_of_DELAY_ms                        (abs)         00000
__size_of_I2CTask                         (abs)         00000
__size_of_I2CWrite                        (abs)         00000
__size_of_InitMRF24J40                    (abs)         00000
__size_of_InitSymbolTimer                 (abs)         00000
__size_of_LCD_Initialize                  (abs)         00000
__size_of_MiApp_ConnectionMode            (abs)         00000
__size_of_MiApp_DiscardMessage            (abs)         00000
__size_of_MiApp_EstablishConnection       (abs)         00000
__size_of_MiApp_MessageAvailable          (abs)         00000
__size_of_MiApp_ProtocolInit              (abs)         00000
__size_of_MiApp_SearchConnection          (abs)         00000
__size_of_MiApp_SetChannel                (abs)         00000
__size_of_MiApp_StartConnection           (abs)         00000
__size_of_MiApp_UnicastAddress            (abs)         00000
__size_of_MiMAC_DiscardPacket             (abs)         00000
__size_of_MiMAC_Init                      (abs)         00000
__size_of_MiMAC_ReceivedPacket            (abs)         00000
__size_of_MiMAC_SendPacket                (abs)         00000
__size_of_MiMAC_SetAltAddress             (abs)         00000
__size_of_MiMAC_SetChannel                (abs)         00000
__size_of_MiWiTasks                       (abs)         00000
__size_of_MiWi_TickGet                    (abs)         00000
__size_of_OpenSocket                      (abs)         00000
__size_of_PHYGetLongRAMAddr               (abs)         00000
__size_of_PHYGetShortRAMAddr              (abs)         00000
__size_of_PHYSetLongRAMAddr               (abs)         00000
__size_of_PHYSetShortRAMAddr              (abs)         00000
__size_of_RouteMessage                    (abs)         00000
__size_of_SPIGet                          (abs)         00000
__size_of_SPIPut                          (abs)         00000
__size_of_SYSTEM_Initialize               (abs)         00000
__size_of_SearchForLongAddress            (abs)         00000
__size_of_SearchForShortAddress           (abs)         00000
__size_of_SendBeacon                      (abs)         00000
__size_of_SendMACPacket                   (abs)         00000
__size_of_UnicastShortAddress             (abs)         00000
__size_of_UserInterruptHandler            (abs)         00000
__size_of_VT100ClearScreen                (abs)         00000
__size_of_VT100SetCursorPos               (abs)         00000
__size_of___awdiv                         (abs)         00000
__size_of___awmod                         (abs)         00000
__size_of___lbmod                         (abs)         00000
__size_of___lmul                          (abs)         00000
__size_of__uartPrint                      (abs)         00000
__size_of_chatInit                        (abs)         00000
__size_of_findNextNetworkEntry            (abs)         00000
__size_of_high_isr                        (abs)         00000
__size_of_main                            (abs)         00000
__size_of_uartInitialize                  (abs)         00000
__size_of_uartRead                        (abs)         00000
__size_of_uartWrite                       (abs)         00000
__size_of_vT100EraseEndOfLine             (abs)         00000
__size_ofi2_DELAY_ms                      (abs)         00000
__size_ofi2_PHYGetLongRAMAddr             (abs)         00000
__size_ofi2_PHYGetShortRAMAddr            (abs)         00000
__size_ofi2_PHYSetShortRAMAddr            (abs)         00000
__size_ofi2_SPIGet                        (abs)         00000
__size_ofi2_SPIPut                        (abs)         00000
__size_ofi2___lmul                        (abs)         00000
__smallconst                              smallconst    00000
__uartPrint                               text50        03D0A
__uartPrint@i                             cstackBANK0   00065
__uartPrint@str                           cstackBANK0   00061
_chatInit                                 text3         0328E
_currentChannel                           bssCOMRAM     0005A
_defaultHops                              dataCOMRAM    0005C
_dpowers                                  mediumconst   0FF0F
_failureCounter                           bssBANK1      00129
_findNextNetworkEntry                     text40        0416C
_hexpowers                                mediumconst   0FF19
_high_isr                                 intcode       00008
_knownCoordinators                        bssBANK1      00131
_main                                     text0         03682
_myLongAddress                            dataBANK2     002F2
_myNetworkAddress                         bssCOMRAM     00050
_myPANID                                  bssCOMRAM     00054
_myParent                                 bssCOMRAM     0004B
_myShortAddress                           bssCOMRAM     00056
_octpowers                                mediumconst   0FF03
_openSocketInfo                           bssBANK1      001C1
_role                                     bssCOMRAM     00048
_rxMessage                                bssBANK1      00100
_switch0PressTime                         bssBANK1      00122
_switch1PressTime                         bssBANK1      0011E
_tempLongAddress                          bssBANK1      00112
_tempNodeStatus                           bssCOMRAM     0004D
_tempPANID                                bssBANK1      001DB
_tempShortAddress                         bssCOMRAM     00058
_timerExtension1                          bssCOMRAM     00047
_timerExtension2                          bssBANK1      00130
_uartInitialize                           text4         0437A
_uartRead                                 text1         041A8
_uartWrite                                text51        043F2
_vT100EraseEndOfLine                      text2         0441E
btemp                                     temp          0005D
chatInit@id                               cstackBANK0   000FE
chatInit@index                            cstackBANK0   000FC
chatInit@nbPANs                           cstackBANK0   000FD
end_of_initialization                     cinit         039E2
findNextNetworkEntry@i                    cstackBANK0   00060
high_isr@RxBank                           cstackCOMRAM  0002D
high_isr@flags                            cstackCOMRAM  0002B
high_isr@i                                cstackCOMRAM  0002E
high_isr@results                          cstackCOMRAM  0002A
i2DELAY_ms@cyclesRequiredForEntireDelay   cstackCOMRAM  0000F
i2DELAY_ms@ms                             cstackCOMRAM  0000D
i2PHYGetLongRAMAddr@address               cstackCOMRAM  00003
i2PHYGetLongRAMAddr@tmpRFIE               cstackCOMRAM  00008
i2PHYGetLongRAMAddr@toReturn              cstackCOMRAM  00007
i2PHYGetShortRAMAddr@address              cstackCOMRAM  00003
i2PHYGetShortRAMAddr@tmpRFIE              cstackCOMRAM  00005
i2PHYGetShortRAMAddr@toReturn             cstackCOMRAM  00004
i2PHYSetShortRAMAddr@address              cstackCOMRAM  00004
i2PHYSetShortRAMAddr@tmpRFIE              cstackCOMRAM  00005
i2PHYSetShortRAMAddr@value                cstackCOMRAM  00003
i2SPIPut@i                                cstackCOMRAM  00001
i2SPIPut@v                                cstackCOMRAM  00002
i2_DELAY_ms                               text60        038DC
i2_PHYGetLongRAMAddr                      text55        0408A
i2_PHYGetShortRAMAddr                     text54        04298
i2_PHYSetShortRAMAddr                     text53        042C2
i2_SPIGet                                 text56        0440A
i2_SPIPut                                 text57        04360
i2___lmul                                 text61        04034
i2___lmul@multiplicand                    cstackCOMRAM  00005
i2___lmul@multiplier                      cstackCOMRAM  00001
i2___lmul@product                         cstackCOMRAM  00009
int$flags                                 temp          0005D
intlevel0                                 text          00000
intlevel1                                 text          00000
intlevel2                                 text          00000
intlevel3                                 text          00000
main@i                                    cstackBANK1   001F9
main@identifiant                          cstackBANK1   001EF
main@lettre                               cstackBANK1   001FB
stackhi                                   (abs)         00EBF
stacklo                                   (abs)         0038C
start                                     init          00212
start_initialization                      cinit         03968
uartRead@val                              cstackBANK0   00061
uartWrite@c                               cstackBANK0   00060
wtemp6                                    temp          0005E


FUNCTION INFORMATION:

 *************** function _main *****************
 Defined at:
		line 34 in file "firmware/src/main.c"
 Parameters:    Size  Location     Type
		None
 Auto vars:     Size  Location     Type
  identifiant    10   18[BANK1 ] unsigned char [10]
  i               2   28[BANK1 ] int 
  lettre          1   30[BANK1 ] unsigned char 
 Return value:  Size  Location     Type
                  1    wreg      void 
 Registers used:
		wreg, fsr0l, fsr0h, fsr1l, fsr1h, fsr2l, fsr2h, status,2, status,0, tblptrl, tblptrh, tblptru, prodl, prodh, cstack
 Tracked objects:
		On entry : 
		On exit  : 
		Unchanged: 
 Data sizes:     COMRAM   BANK0   BANK1   BANK2   BANK3   BANK4   BANK5   BANK6   BANK7   BANK8   BANK9  BANK10  BANK11  BANK12  BANK13  BANK14
      Params:         0       0       0       0       0       0       0       0       0       0       0       0       0       0       0       0
      Locals:         0       0      13       0       0       0       0       0       0       0       0       0       0       0       0       0
      Temps:          0       0       0       0       0       0       0       0       0       0       0       0       0       0       0       0
      Totals:         0       0      13       0       0       0       0       0       0       0       0       0       0       0       0       0
Total ram usage:       13 bytes
 Hardware stack levels required when called:   20
 This function calls:
		_VT100ClearScreen
		_VT100SetCursorPos
		__uartPrint
		_chatInit
		_uartRead
 This function is called by:
		Startup code after reset
 This function uses a non-reentrant model


 *************** function _uartRead *****************
 Defined at:
		line 51 in file "firmware/src/VT100.c"
 Parameters:    Size  Location     Type
		None
 Auto vars:     Size  Location     Type
  val             1    1[BANK0 ] unsigned char 
 Return value:  Size  Location     Type
                  1    wreg      unsigned char 
 Registers used:
		wreg, status,2, status,0, cstack
 Tracked objects:
		On entry : 
		On exit  : 
		Unchanged: 
 Data sizes:     COMRAM   BANK0   BANK1   BANK2   BANK3   BANK4   BANK5   BANK6   BANK7   BANK8   BANK9  BANK10  BANK11  BANK12  BANK13  BANK14
      Params:         0       0       0       0       0       0       0       0       0       0       0       0       0       0       0       0
      Locals:         0       1       0       0       0       0       0       0       0       0       0       0       0       0       0       0
      Temps:          0       0       0       0       0       0       0       0       0       0       0       0       0       0       0       0
      Totals:         0       1       0       0       0       0       0       0       0       0       0       0       0       0       0       0
Total ram usage:        1 bytes
 Hardware stack levels used:    1
 Hardware stack levels required when called:    6
 This function calls:
		_uartWrite
		_vT100EraseEndOfLine
 This function is called by:
		_main
 This function uses a non-reentrant model


 *************** function _vT100EraseEndOfLine *****************
 Defined at:
		line 151 in file "firmware/src/VT100.c"
 Parameters:    Size  Location     Type
		None
 Auto vars:     Size  Location     Type
		None
 Return value:  Size  Location     Type
                  1    wreg      void 
 Registers used:
		None
 Tracked objects:
		On entry : 
		On exit  : 
		Unchanged: 
 Data sizes:     COMRAM   BANK0   BANK1   BANK2   BANK3   BANK4   BANK5   BANK6   BANK7   BANK8   BANK9  BANK10  BANK11  BANK12  BANK13  BANK14
      Params:         0       0       0       0       0       0       0       0       0       0       0       0       0       0       0       0
      Locals:         0       0       0       0       0       0       0       0       0       0       0       0       0       0       0       0
      Temps:          0       0       0       0       0       0       0       0       0       0       0       0       0       0       0       0
      Totals:         0       0       0       0       0       0       0       0       0       0       0       0       0       0       0       0
Total ram usage:        0 bytes
 Hardware stack levels used:    1
 Hardware stack levels required when called:    5
 This function calls:
		Nothing
 This function is called by:
		_uartRead
 This function uses a non-reentrant model


 *************** function _chatInit *****************
 Defined at:
		line 68 in file "firmware/src/main.c"
 Parameters:    Size  Location     Type
		None
 Auto vars:     Size  Location     Type
  id              1  158[BANK0 ] unsigned char 
  nbPANs          1  157[BANK0 ] unsigned char 
  index           1  156[BANK0 ] unsigned char 
 Return value:  Size  Location     Type
                  1    wreg      void 
 Registers used:
		wreg, fsr0l, fsr0h, fsr1l, fsr1h, fsr2l, fsr2h, status,2, status,0, tblptrl, tblptrh, tblptru, prodl, prodh, cstack
 Tracked objects:
		On entry : 
		On exit  : 
		Unchanged: 
[...]
      Params:         0       0       0       0       0       0       0       0       0       0       0       0       0       0       0       0
      Locals:         5       0       0       0       0       0       0       0       0       0       0       0       0       0       0       0
      Temps:         23       0       0       0       0       0       0       0       0       0       0       0       0       0       0       0
      Totals:        28       0       0       0       0       0       0       0       0       0       0       0       0       0       0       0
Total ram usage:       28 bytes
 Hardware stack levels used:    1
 Hardware stack levels required when called:    4
 This function calls:
		_UserInterruptHandler
		i2_PHYGetLongRAMAddr
		i2_PHYGetShortRAMAddr
		i2_PHYSetShortRAMAddr
 This function is called by:
		Interrupt level 2
 This function uses a non-reentrant model


 *************** function i2_PHYSetShortRAMAddr *****************
 Defined at:
		line 124 in file "../framework/driver/mrf_miwi/src/drv_mrf_miwi_24j40.c"
 Parameters:    Size  Location     Type
  address         1    wreg     unsigned char 
  value           1    2[COMRAM] unsigned char 
 Auto vars:     Size  Location     Type
  address         1    3[COMRAM] unsigned char 
  PHYSetShortR    1    4[COMRAM] volatile unsigned char 
 Return value:  Size  Location     Type
                  1    wreg      void 
 Registers used:
		wreg, status,2, cstack
 Tracked objects:
		On entry : 
		On exit  : 
		Unchanged: 
 Data sizes:     COMRAM   BANK0   BANK1   BANK2   BANK3   BANK4   BANK5   BANK6   BANK7   BANK8   BANK9  BANK10  BANK11  BANK12  BANK13  BANK14
      Params:         1       0       0       0       0       0       0       0       0       0       0       0       0       0       0       0
      Locals:         2       0       0       0       0       0       0       0       0       0       0       0       0       0       0       0
      Temps:          0       0       0       0       0       0       0       0       0       0       0       0       0       0       0       0
      Totals:         3       0       0       0       0       0       0       0       0       0       0       0       0       0       0       0
Total ram usage:        3 bytes
 Hardware stack levels used:    1
 Hardware stack levels required when called:    1
 This function calls:
		i2_SPIPut
 This function is called by:
		_high_isr
 This function uses a non-reentrant model


 *************** function i2_PHYGetShortRAMAddr *****************
 Defined at:
		line 154 in file "../framework/driver/mrf_miwi/src/drv_mrf_miwi_24j40.c"
 Parameters:    Size  Location     Type
  address         1    wreg     unsigned char 
 Auto vars:     Size  Location     Type
  address         1    2[COMRAM] unsigned char 
  PHYGetShortR    1    4[COMRAM] volatile unsigned char 
  PHYGetShortR    1    3[COMRAM] unsigned char 
 Return value:  Size  Location     Type
                  1    wreg      unsigned char 
 Registers used:
		wreg, status,2, cstack
 Tracked objects:
		On entry : 
		On exit  : 
		Unchanged: 
 Data sizes:     COMRAM   BANK0   BANK1   BANK2   BANK3   BANK4   BANK5   BANK6   BANK7   BANK8   BANK9  BANK10  BANK11  BANK12  BANK13  BANK14
      Params:         0       0       0       0       0       0       0       0       0       0       0       0       0       0       0       0
      Locals:         3       0       0       0       0       0       0       0       0       0       0       0       0       0       0       0
      Temps:          0       0       0       0       0       0       0       0       0       0       0       0       0       0       0       0
      Totals:         3       0       0       0       0       0       0       0       0       0       0       0       0       0       0       0
Total ram usage:        3 bytes
 Hardware stack levels used:    1
 Hardware stack levels required when called:    2
 This function calls:
		i2_SPIGet
		i2_SPIPut
 This function is called by:
		_high_isr
 This function uses a non-reentrant model


 *************** function i2_PHYGetLongRAMAddr *****************
 Defined at:
		line 185 in file "../framework/driver/mrf_miwi/src/drv_mrf_miwi_24j40.c"
 Parameters:    Size  Location     Type
  address         2    2[COMRAM] unsigned int 
 Auto vars:     Size  Location     Type
  PHYGetLongRA    1    7[COMRAM] volatile unsigned char 
  PHYGetLongRA    1    6[COMRAM] unsigned char 
 Return value:  Size  Location     Type
                  1    wreg      unsigned char 
 Registers used:
		wreg, status,2, status,0, cstack
 Tracked objects:
		On entry : 
		On exit  : 
		Unchanged: 
 Data sizes:     COMRAM   BANK0   BANK1   BANK2   BANK3   BANK4   BANK5   BANK6   BANK7   BANK8   BANK9  BANK10  BANK11  BANK12  BANK13  BANK14
      Params:         2       0       0       0       0       0       0       0       0       0       0       0       0       0       0       0
      Locals:         2       0       0       0       0       0       0       0       0       0       0       0       0       0       0       0
      Temps:          2       0       0       0       0       0       0       0       0       0       0       0       0       0       0       0
      Totals:         6       0       0       0       0       0       0       0       0       0       0       0       0       0       0       0
Total ram usage:        6 bytes
 Hardware stack levels used:    1
 Hardware stack levels required when called:    2
 This function calls:
		i2_SPIGet
		i2_SPIPut
 This function is called by:
		_high_isr
 This function uses a non-reentrant model


 *************** function i2_SPIGet *****************
 Defined at:
		line 102 in file "firmware/src/system_config/8bitwdk_pic18f46j50_24j40/spi.c"
 Parameters:    Size  Location     Type
		None
 Auto vars:     Size  Location     Type
		None
 Return value:  Size  Location     Type
                  1    wreg      unsigned char 
 Registers used:
		wreg, status,2, cstack
 Tracked objects:
		On entry : 
		On exit  : 
		Unchanged: 
 Data sizes:     COMRAM   BANK0   BANK1   BANK2   BANK3   BANK4   BANK5   BANK6   BANK7   BANK8   BANK9  BANK10  BANK11  BANK12  BANK13  BANK14
      Params:         0       0       0       0       0       0       0       0       0       0       0       0       0       0       0       0
      Locals:         0       0       0       0       0       0       0       0       0       0       0       0       0       0       0       0
      Temps:          0       0       0       0       0       0       0       0       0       0       0       0       0       0       0       0
      Totals:         0       0       0       0       0       0       0       0       0       0       0       0       0       0       0       0
Total ram usage:        0 bytes
 Hardware stack levels used:    1
 Hardware stack levels required when called:    1
 This function calls:
		i2_SPIPut
 This function is called by:
		i2_PHYGetShortRAMAddr
		i2_PHYGetLongRAMAddr
 This function uses a non-reentrant model


 *************** function i2_SPIPut *****************
 Defined at:
		line 45 in file "firmware/src/system_config/8bitwdk_pic18f46j50_24j40/spi.c"
 Parameters:    Size  Location     Type
  v               1    wreg     unsigned char 
 Auto vars:     Size  Location     Type
  v               1    1[COMRAM] unsigned char 
  SPIPut          1    0[COMRAM] unsigned char 
 Return value:  Size  Location     Type
                  1    wreg      void 
 Registers used:
		wreg
 Tracked objects:
		On entry : 
		On exit  : 
		Unchanged: 
 Data sizes:     COMRAM   BANK0   BANK1   BANK2   BANK3   BANK4   BANK5   BANK6   BANK7   BANK8   BANK9  BANK10  BANK11  BANK12  BANK13  BANK14
      Params:         0       0       0       0       0       0       0       0       0       0       0       0       0       0       0       0
      Locals:         2       0       0       0       0       0       0       0       0       0       0       0       0       0       0       0
      Temps:          0       0       0       0       0       0       0       0       0       0       0       0       0       0       0       0
      Totals:         2       0       0       0       0       0       0       0       0       0       0       0       0       0       0       0
Total ram usage:        2 bytes
 Hardware stack levels used:    1
 This function calls:
		Nothing
 This function is called by:
		i2_PHYSetShortRAMAddr
		i2_PHYGetShortRAMAddr
		i2_PHYGetLongRAMAddr
		i2_SPIGet
 This function uses a non-reentrant model


 *************** function _UserInterruptHandler *****************
 Defined at:
		line 345 in file "firmware/src/system_config/8bitwdk_pic18f46j50_24j40/lcd.c"
 Parameters:    Size  Location     Type
		None
 Auto vars:     Size  Location     Type
		None
 Return value:  Size  Location     Type
                  1    wreg      void 
 Registers used:
		wreg, fsr2l, fsr2h, status,2, status,0, prodl, prodh, cstack
 Tracked objects:
		On entry : 
		On exit  : 
		Unchanged: 
 Data sizes:     COMRAM   BANK0   BANK1   BANK2   BANK3   BANK4   BANK5   BANK6   BANK7   BANK8   BANK9  BANK10  BANK11  BANK12  BANK13  BANK14
      Params:         0       0       0       0       0       0       0       0       0       0       0       0       0       0       0       0
      Locals:         0       0       0       0       0       0       0       0       0       0       0       0       0       0       0       0
      Temps:          0       0       0       0       0       0       0       0       0       0       0       0       0       0       0       0
      Totals:         0       0       0       0       0       0       0       0       0       0       0       0       0       0       0       0
Total ram usage:        0 bytes
 Hardware stack levels used:    1
 Hardware stack levels required when called:    3
 This function calls:
		_I2CTask
		i2_DELAY_ms
 This function is called by:
		_high_isr
 This function uses a non-reentrant model


 *************** function _I2CTask *****************
 Defined at:
		line 65 in file "firmware/src/system_config/8bitwdk_pic18f46j50_24j40/lcd.c"
 Parameters:    Size  Location     Type
		None
 Auto vars:     Size  Location     Type
		None
 Return value:  Size  Location     Type
                  1    wreg      void 
 Registers used:
		wreg, fsr2l, fsr2h, status,2, status,0, prodl, prodh, cstack
 Tracked objects:
		On entry : 
		On exit  : 
		Unchanged: 
 Data sizes:     COMRAM   BANK0   BANK1   BANK2   BANK3   BANK4   BANK5   BANK6   BANK7   BANK8   BANK9  BANK10  BANK11  BANK12  BANK13  BANK14
      Params:         0       0       0       0       0       0       0       0       0       0       0       0       0       0       0       0
      Locals:         0       0       0       0       0       0       0       0       0       0       0       0       0       0       0       0
      Temps:          0       0       0       0       0       0       0       0       0       0       0       0       0       0       0       0
      Totals:         0       0       0       0       0       0       0       0       0       0       0       0       0       0       0       0
Total ram usage:        0 bytes
 Hardware stack levels used:    1
 Hardware stack levels required when called:    2
 This function calls:
		i2_DELAY_ms
 This function is called by:
		_UserInterruptHandler
 This function uses a non-reentrant model


 *************** function i2_DELAY_ms *****************
 Defined at:
		line 108 in file "firmware/src/system_config/8bitwdk_pic18f46j50_24j40/delay.c"
 Parameters:    Size  Location     Type
  ms              2   12[COMRAM] unsigned int 
 Auto vars:     Size  Location     Type
  DELAY_ms        4   14[COMRAM] long 
 Return value:  Size  Location     Type
                  1    wreg      void 
 Registers used:
		wreg, status,2, status,0, cstack
 Tracked objects:
		On entry : 
		On exit  : 
		Unchanged: 
 Data sizes:     COMRAM   BANK0   BANK1   BANK2   BANK3   BANK4   BANK5   BANK6   BANK7   BANK8   BANK9  BANK10  BANK11  BANK12  BANK13  BANK14
      Params:         2       0       0       0       0       0       0       0       0       0       0       0       0       0       0       0
      Locals:         4       0       0       0       0       0       0       0       0       0       0       0       0       0       0       0
      Temps:          0       0       0       0       0       0       0       0       0       0       0       0       0       0       0       0
      Totals:         6       0       0       0       0       0       0       0       0       0       0       0       0       0       0       0
Total ram usage:        6 bytes
 Hardware stack levels used:    1
 Hardware stack levels required when called:    1
 This function calls:
		i2___lmul
 This function is called by:
		_I2CTask
		_UserInterruptHandler
 This function uses a non-reentrant model


 *************** function i2___lmul *****************
 Defined at:
		line 15 in file "C:\Program Files (x86)\Microchip\xc8\v1.45\sources\common\Umul32.c"
 Parameters:    Size  Location     Type
  multiplier      4    0[COMRAM] unsigned long 
  multiplicand    4    4[COMRAM] unsigned long 
 Auto vars:     Size  Location     Type
  __lmul          4    8[COMRAM] unsigned long 
 Return value:  Size  Location     Type
                  4    0[COMRAM] unsigned long 
 Registers used:
		wreg, status,2, status,0
 Tracked objects:
		On entry : 
		On exit  : 
		Unchanged: 
 Data sizes:     COMRAM   BANK0   BANK1   BANK2   BANK3   BANK4   BANK5   BANK6   BANK7   BANK8   BANK9  BANK10  BANK11  BANK12  BANK13  BANK14
      Params:         8       0       0       0       0       0       0       0       0       0       0       0       0       0       0       0
      Locals:         4       0       0       0       0       0       0       0       0       0       0       0       0       0       0       0
      Temps:          0       0       0       0       0       0       0       0       0       0       0       0       0       0       0       0
      Totals:        12       0       0       0       0       0       0       0       0       0       0       0       0       0       0       0
Total ram usage:       12 bytes
 Hardware stack levels used:    1
 This function calls:
		Nothing
 This function is called by:
		i2_DELAY_ms
 This function uses a non-reentrant model



MODULE INFORMATION

Module		Function		Class		Link	Load	Size
firmware/src/system_config/8bitwdk_pic18f46j50_24j40/delay.c
		_DELAY_ms      		CODE           	384A	0000	147

firmware/src/system_config/8bitwdk_pic18f46j50_24j40/delay.c estimated size: 147

firmware/src/system_config/8bitwdk_pic18f46j50_24j40/symbol.c
		_InitSymbolTimer		CODE           	43AA	0000	23
		_MiWi_TickGet  		CODE           	3F82	0000	91

firmware/src/system_config/8bitwdk_pic18f46j50_24j40/symbol.c estimated size: 114

C:\Program Files (x86)\Microchip\xc8\v1.45\sources\common\awmod.c
		___awmod       		CODE           	3DF8	0000	115

C:\Program Files (x86)\Microchip\xc8\v1.45\sources\common\awmod.c estimated size: 115

firmware/src/system_config/8bitwdk_pic18f46j50_24j40/spi.c
		_SPIGet        		CODE           	4400	0000	11
		_SPIPut        		CODE           	4328	0000	29

firmware/src/system_config/8bitwdk_pic18f46j50_24j40/spi.c estimated size: 40

C:\Program Files (x86)\Microchip\xc8\v1.45\sources\common\Umul32.c
		___lmul        		CODE           	3FDC	0000	89

C:\Program Files (x86)\Microchip\xc8\v1.45\sources\common\Umul32.c estimated size: 89

shared
		i2_DELAY_ms    		CODE           	38DC	0000	141
		_dpowers       		MEDIUMCONST    	FF0F	0000	11
		_ScanTime      		MEDIUMCONST    	FEC7	0000	61
		i2_PHYGetShortRAMAddr		CODE           	4298	0000	43
		i2_PHYGetLongRAMAddr		CODE           	408A	0000	83
		i2_PHYSetShortRAMAddr		CODE           	42C2	0000	41
		__initialization		CODE           	3968	0000	123
		i2___lmul      		CODE           	4034	0000	87
		_octpowers     		MEDIUMCONST    	FF03	0000	13
		i2_SPIGet      		CODE           	440A	0000	11
		_hexpowers     		MEDIUMCONST    	FF19	0000	9
		i2_SPIPut      		CODE           	4360	0000	27

shared estimated size: 650

firmware/src/system_config/8bitwdk_pic18f46j50_24j40/lcd.c
		_LCD_Initialize		CODE           	3C8E	0000	125
		_UserInterruptHandler		CODE           	4392	0000	25
		_I2CWrite      		CODE           	430C	0000	29
		_I2CTask       		CODE           	351E	0000	181

firmware/src/system_config/8bitwdk_pic18f46j50_24j40/lcd.c estimated size: 360

firmware/src/system_config/8bitwdk_pic18f46j50_24j40/system.c
		_SYSTEM_Initialize		CODE           	39F0	0000	137

firmware/src/system_config/8bitwdk_pic18f46j50_24j40/system.c estimated size: 137

firmware/src/VT100.c
		_uartInitialize		CODE           	437A	0000	25
		__uartPrint    		CODE           	3D0A	0000	121
		_vT100EraseEndOfLine		CODE           	441E	0000	3
		_VT100SetCursorPos		CODE           	3B00	0000	135
		_uartWrite     		CODE           	43F2	0000	15
		_VT100ClearScreen		CODE           	43E2	0000	17
		_uartRead      		CODE           	41A8	0000	55

firmware/src/VT100.c estimated size: 371

C:\Program Files (x86)\Microchip\xc8\v1.45\sources\common\awdiv.c
		___awdiv       		CODE           	3B86	0000	135

C:\Program Files (x86)\Microchip\xc8\v1.45\sources\common\awdiv.c estimated size: 135

C:\Program Files (x86)\Microchip\xc8\v1.45\sources\common\lbmod.c
		___lbmod       		CODE           	4240	0000	47

C:\Program Files (x86)\Microchip\xc8\v1.45\sources\common\lbmod.c estimated size: 47

../framework/miwi/src/miwi_mesh.c
		_UnicastShortAddress		CODE           	3A78	0000	137
		_MiApp_EstablishConnection		CODE           	277E	0000	901
		_MiApp_ProtocolInit		CODE           	3164	0000	299
		_MiApp_UnicastAddress		CODE           	1FDA	0000	987
		_MiApp_StartConnection		CODE           	3D82	0000	119
		_SendMACPacket 		CODE           	3720	0000	151
		_SendBeacon    		CODE           	3460	0000	191
		_SearchForLongAddress		CODE           	35D2	0000	177
		_findNextNetworkEntry		CODE           	416C	0000	61
		_SearchForShortAddress		CODE           	3C0C	0000	131
		_OpenSocket    		CODE           	2D5C	0000	595
		_RouteMessage  		CODE           	1B84	0000	1111
		_MiApp_SetChannel		CODE           	42EA	0000	35
		_MiWiTasks     		CODE           	0216	0000	4845
		_MiApp_DiscardMessage		CODE           	4414	0000	9
		_BroadcastJitter		CODE           	37B6	0000	149
		_MiApp_MessageAvailable		CODE           	43D2	0000	17
		_MiApp_SearchConnection		CODE           	2FAE	0000	439
		_AddNodeToNetworkTable		CODE           	3382	0000	223
		_MiApp_ConnectionMode		CODE           	426E	0000	43

../framework/miwi/src/miwi_mesh.c estimated size: 10620

../framework/driver/mrf_miwi/src/drv_mrf_miwi_24j40.c
		_PHYGetLongRAMAddr		CODE           	3ECE	0000	91
		_PHYSetLongRAMAddr		CODE           	3F28	0000	91
		_PHYGetShortRAMAddr		CODE           	41DE	0000	51
		_PHYSetShortRAMAddr		CODE           	4210	0000	49
		_InitMRF24J40  		CODE           	2B02	0000	603
		_MiMAC_ReceivedPacket		CODE           	1502	0000	1667
		_MiMAC_DiscardPacket		CODE           	4344	0000	29
		_high_isr      		CODE           	0008	0000	523
		_MiMAC_SetChannel		CODE           	40DC	0000	77
		_MiMAC_Init    		CODE           	4128	0000	69
		_MiMAC_SendPacket		CODE           	23B4	0000	971
		_MiMAC_SetAltAddress		CODE           	3E6A	0000	101

../framework/driver/mrf_miwi/src/drv_mrf_miwi_24j40.c estimated size: 4322

firmware/src/main.c
		_chatInit      		CODE           	328E	0000	245
		_main          		CODE           	3682	0000	159

firmware/src/main.c estimated size: 404

